Date：当前日期: 2022/05/13 周五
Time：当前时间: 14:40:43.79
os version: 10.0.19044 暂缺 Build 19044
hardware information: 安装了 1 个处理器。
                  [01]: Intel64 Family 6 Model 158 Stepping 10 GenuineIntel ~2400 Mhz
		物理内存总量:     8,030 MB
		可用的物理内存:   1,826 MB
		虚拟内存: 最大值: 19,806 MB
		虚拟内存: 可用:   12,159 MB
		虚拟内存: 使用中: 7,647 MB	  
uptime: 系统启动时间: 2022/5/13, 14:37:04
services information: 
SERVICE_NAME: AdobeUpdateService
DISPLAY_NAME: AdobeUpdateService
        TYPE               : 10  WIN32_OWN_PROCESS
        STATE              : 4  RUNNING
                                (STOPPABLE, NOT_PAUSABLE, IGNORES_SHUTDOWN)
        WIN32_EXIT_CODE    : 0  (0x0)
        SERVICE_EXIT_CODE  : 0  (0x0)
        CHECKPOINT         : 0x0
        WAIT_HINT          : 0x0

SERVICE_NAME: AGMService
DISPLAY_NAME: Adobe Genuine Monitor Service
        TYPE               : 10  WIN32_OWN_PROCESS
        STATE              : 4  RUNNING
                                (STOPPABLE, NOT_PAUSABLE, ACCEPTS_SHUTDOWN)
        WIN32_EXIT_CODE    : 0  (0x0)
        SERVICE_EXIT_CODE  : 0  (0x0)
        CHECKPOINT         : 0x0
        WAIT_HINT          : 0x0

SERVICE_NAME: AGSService
DISPLAY_NAME: Adobe Genuine Software Integrity Service
        TYPE               : 10  WIN32_OWN_PROCESS
        STATE              : 4  RUNNING
                                (STOPPABLE, NOT_PAUSABLE, ACCEPTS_SHUTDOWN)
        WIN32_EXIT_CODE    : 0  (0x0)
        SERVICE_EXIT_CODE  : 0  (0x0)
        CHECKPOINT         : 0x0
        WAIT_HINT          : 0x0

SERVICE_NAME: Appinfo
DISPLAY_NAME: Application Information
        TYPE               : 30  WIN32
        STATE              : 4  RUNNING
                                (STOPPABLE, NOT_PAUSABLE, IGNORES_SHUTDOWN)
        WIN32_EXIT_CODE    : 0  (0x0)
        SERVICE_EXIT_CODE  : 0  (0x0)
        CHECKPOINT         : 0x0
        WAIT_HINT          : 0x0

SERVICE_NAME: AudioEndpointBuilder
DISPLAY_NAME: Windows Audio Endpoint Builder
        TYPE               : 30  WIN32
        STATE              : 4  RUNNING
                                (STOPPABLE, NOT_PAUSABLE, IGNORES_SHUTDOWN)
        WIN32_EXIT_CODE    : 0  (0x0)
        SERVICE_EXIT_CODE  : 0  (0x0)
        CHECKPOINT         : 0x0
        WAIT_HINT          : 0x0

SERVICE_NAME: Audiosrv
DISPLAY_NAME: Windows Audio
        TYPE               : 10  WIN32_OWN_PROCESS
        STATE              : 4  RUNNING
                                (STOPPABLE, NOT_PAUSABLE, IGNORES_SHUTDOWN)
        WIN32_EXIT_CODE    : 0  (0x0)
        SERVICE_EXIT_CODE  : 0  (0x0)
        CHECKPOINT         : 0x0
        WAIT_HINT          : 0x0

SERVICE_NAME: AzureAttestService
DISPLAY_NAME: AzureAttestService
        TYPE               : 30  WIN32
        STATE              : 4  RUNNING
                                (STOPPABLE, NOT_PAUSABLE, ACCEPTS_PRESHUTDOWN)
        WIN32_EXIT_CODE    : 0  (0x0)
        SERVICE_EXIT_CODE  : 0  (0x0)
        CHECKPOINT         : 0x0
        WAIT_HINT          : 0x0

SERVICE_NAME: BFE
DISPLAY_NAME: Base Filtering Engine
        TYPE               : 20  WIN32_SHARE_PROCESS
        STATE              : 4  RUNNING
                                (STOPPABLE, NOT_PAUSABLE, IGNORES_SHUTDOWN)
        WIN32_EXIT_CODE    : 0  (0x0)
        SERVICE_EXIT_CODE  : 0  (0x0)
        CHECKPOINT         : 0x0
        WAIT_HINT          : 0x0

SERVICE_NAME: BITS
DISPLAY_NAME: Background Intelligent Transfer Service
        TYPE               : 30  WIN32
        STATE              : 4  RUNNING
                                (STOPPABLE, NOT_PAUSABLE, ACCEPTS_PRESHUTDOWN)
        WIN32_EXIT_CODE    : 0  (0x0)
        SERVICE_EXIT_CODE  : 0  (0x0)
        CHECKPOINT         : 0x0
        WAIT_HINT          : 0x0

SERVICE_NAME: BrokerInfrastructure
DISPLAY_NAME: Background Tasks Infrastructure Service
        TYPE               : 20  WIN32_SHARE_PROCESS
        STATE              : 4  RUNNING
                                (NOT_STOPPABLE, NOT_PAUSABLE, IGNORES_SHUTDOWN)
        WIN32_EXIT_CODE    : 0  (0x0)
        SERVICE_EXIT_CODE  : 0  (0x0)
        CHECKPOINT         : 0x0
        WAIT_HINT          : 0x0

SERVICE_NAME: BTAGService
DISPLAY_NAME: 蓝牙音频网关服务
        TYPE               : 30  WIN32
        STATE              : 4  RUNNING
                                (STOPPABLE, NOT_PAUSABLE, IGNORES_SHUTDOWN)
        WIN32_EXIT_CODE    : 0  (0x0)
        SERVICE_EXIT_CODE  : 0  (0x0)
        CHECKPOINT         : 0x0
        WAIT_HINT          : 0x0

SERVICE_NAME: BthAvctpSvc
DISPLAY_NAME: AVCTP 服务
        TYPE               : 30  WIN32
        STATE              : 4  RUNNING
                                (STOPPABLE, NOT_PAUSABLE, IGNORES_SHUTDOWN)
        WIN32_EXIT_CODE    : 0  (0x0)
        SERVICE_EXIT_CODE  : 0  (0x0)
        CHECKPOINT         : 0x0
        WAIT_HINT          : 0x0

SERVICE_NAME: bthserv
DISPLAY_NAME: 蓝牙支持服务
        TYPE               : 30  WIN32
        STATE              : 4  RUNNING
                                (STOPPABLE, NOT_PAUSABLE, ACCEPTS_SHUTDOWN)
        WIN32_EXIT_CODE    : 0  (0x0)
        SERVICE_EXIT_CODE  : 0  (0x0)
        CHECKPOINT         : 0x0
        WAIT_HINT          : 0x0

SERVICE_NAME: CAJ Service Host
DISPLAY_NAME: CAJ Service Host
        TYPE               : 10  WIN32_OWN_PROCESS
        STATE              : 4  RUNNING
                                (STOPPABLE, NOT_PAUSABLE, IGNORES_SHUTDOWN)
        WIN32_EXIT_CODE    : 0  (0x0)
        SERVICE_EXIT_CODE  : 0  (0x0)
        CHECKPOINT         : 0x0
        WAIT_HINT          : 0x0

SERVICE_NAME: camsvc
DISPLAY_NAME: 功能访问管理器服务
        TYPE               : 30  WIN32
        STATE              : 4  RUNNING
                                (STOPPABLE, NOT_PAUSABLE, ACCEPTS_SHUTDOWN)
        WIN32_EXIT_CODE    : 0  (0x0)
        SERVICE_EXIT_CODE  : 0  (0x0)
        CHECKPOINT         : 0x0
        WAIT_HINT          : 0x0

SERVICE_NAME: CCDCHUService
DISPLAY_NAME: Control Center Hotkey Service
        TYPE               : 10  WIN32_OWN_PROCESS
        STATE              : 4  RUNNING
                                (STOPPABLE, NOT_PAUSABLE, ACCEPTS_SHUTDOWN)
        WIN32_EXIT_CODE    : 0  (0x0)
        SERVICE_EXIT_CODE  : 0  (0x0)
        CHECKPOINT         : 0x0
        WAIT_HINT          : 0x0

SERVICE_NAME: CDPSvc
DISPLAY_NAME: 连接设备平台服务
        TYPE               : 30  WIN32
        STATE              : 4  RUNNING
                                (STOPPABLE, NOT_PAUSABLE, IGNORES_SHUTDOWN)
        WIN32_EXIT_CODE    : 0  (0x0)
        SERVICE_EXIT_CODE  : 0  (0x0)
        CHECKPOINT         : 0x0
        WAIT_HINT          : 0x0

SERVICE_NAME: ClickToRunSvc
DISPLAY_NAME: Microsoft Office 即点即用服务
        TYPE               : 10  WIN32_OWN_PROCESS
        STATE              : 4  RUNNING
                                (STOPPABLE, NOT_PAUSABLE, ACCEPTS_SHUTDOWN)
        WIN32_EXIT_CODE    : 0  (0x0)
        SERVICE_EXIT_CODE  : 0  (0x0)
        CHECKPOINT         : 0x0
        WAIT_HINT          : 0x0

SERVICE_NAME: CoreMessagingRegistrar
DISPLAY_NAME: CoreMessaging
        TYPE               : 20  WIN32_SHARE_PROCESS
        STATE              : 4  RUNNING
                                (NOT_STOPPABLE, NOT_PAUSABLE, IGNORES_SHUTDOWN)
        WIN32_EXIT_CODE    : 0  (0x0)
        SERVICE_EXIT_CODE  : 0  (0x0)
        CHECKPOINT         : 0x0
        WAIT_HINT          : 0x0

SERVICE_NAME: cphs
DISPLAY_NAME: Intel(R) Content Protection HECI Service
        TYPE               : 10  WIN32_OWN_PROCESS
        STATE              : 4  RUNNING
                                (STOPPABLE, NOT_PAUSABLE, IGNORES_SHUTDOWN)
        WIN32_EXIT_CODE    : 0  (0x0)
        SERVICE_EXIT_CODE  : 0  (0x0)
        CHECKPOINT         : 0x0
        WAIT_HINT          : 0x0

SERVICE_NAME: cplspcon
DISPLAY_NAME: Intel(R) Content Protection HDCP Service
        TYPE               : 10  WIN32_OWN_PROCESS
        STATE              : 4  RUNNING
                                (STOPPABLE, NOT_PAUSABLE, IGNORES_SHUTDOWN)
        WIN32_EXIT_CODE    : 0  (0x0)
        SERVICE_EXIT_CODE  : 0  (0x0)
        CHECKPOINT         : 0x0
        WAIT_HINT          : 0x0

SERVICE_NAME: CryptSvc
DISPLAY_NAME: Cryptographic Services
        TYPE               : 30  WIN32
        STATE              : 4  RUNNING
                                (STOPPABLE, NOT_PAUSABLE, ACCEPTS_SHUTDOWN)
        WIN32_EXIT_CODE    : 0  (0x0)
        SERVICE_EXIT_CODE  : 0  (0x0)
        CHECKPOINT         : 0x0
        WAIT_HINT          : 0x0

SERVICE_NAME: DcomLaunch
DISPLAY_NAME: DCOM Server Process Launcher
        TYPE               : 20  WIN32_SHARE_PROCESS
        STATE              : 4  RUNNING
                                (NOT_STOPPABLE, NOT_PAUSABLE, IGNORES_SHUTDOWN)
        WIN32_EXIT_CODE    : 0  (0x0)
        SERVICE_EXIT_CODE  : 0  (0x0)
        CHECKPOINT         : 0x0
        WAIT_HINT          : 0x0

SERVICE_NAME: DeviceAssociationService
DISPLAY_NAME: Device Association Service
        TYPE               : 30  WIN32
        STATE              : 4  RUNNING
                                (STOPPABLE, NOT_PAUSABLE, ACCEPTS_SHUTDOWN)
        WIN32_EXIT_CODE    : 0  (0x0)
        SERVICE_EXIT_CODE  : 0  (0x0)
        CHECKPOINT         : 0x0
        WAIT_HINT          : 0x0

SERVICE_NAME: Dhcp
DISPLAY_NAME: DHCP Client
        TYPE               : 30  WIN32
        STATE              : 4  RUNNING
                                (STOPPABLE, NOT_PAUSABLE, ACCEPTS_SHUTDOWN)
        WIN32_EXIT_CODE    : 0  (0x0)
        SERVICE_EXIT_CODE  : 0  (0x0)
        CHECKPOINT         : 0x0
        WAIT_HINT          : 0x0

SERVICE_NAME: DiagTrack
DISPLAY_NAME: Connected User Experiences and Telemetry
        TYPE               : 10  WIN32_OWN_PROCESS
        STATE              : 4  RUNNING
                                (STOPPABLE, NOT_PAUSABLE, ACCEPTS_PRESHUTDOWN)
        WIN32_EXIT_CODE    : 0  (0x0)
        SERVICE_EXIT_CODE  : 0  (0x0)
        CHECKPOINT         : 0x0
        WAIT_HINT          : 0x0

SERVICE_NAME: DispBrokerDesktopSvc
DISPLAY_NAME: 显示策略服务
        TYPE               : 30  WIN32
        STATE              : 4  RUNNING
                                (STOPPABLE, NOT_PAUSABLE, IGNORES_SHUTDOWN)
        WIN32_EXIT_CODE    : 0  (0x0)
        SERVICE_EXIT_CODE  : 0  (0x0)
        CHECKPOINT         : 0x0
        WAIT_HINT          : 0x0

SERVICE_NAME: DisplayEnhancementService
DISPLAY_NAME: 显示增强服务
        TYPE               : 30  WIN32
        STATE              : 4  RUNNING
                                (STOPPABLE, NOT_PAUSABLE, IGNORES_SHUTDOWN)
        WIN32_EXIT_CODE    : 0  (0x0)
        SERVICE_EXIT_CODE  : 0  (0x0)
        CHECKPOINT         : 0x0
        WAIT_HINT          : 0x0

SERVICE_NAME: Dnscache
DISPLAY_NAME: DNS Client
        TYPE               : 30  WIN32
        STATE              : 4  RUNNING
                                (NOT_STOPPABLE, NOT_PAUSABLE, IGNORES_SHUTDOWN)
        WIN32_EXIT_CODE    : 0  (0x0)
        SERVICE_EXIT_CODE  : 0  (0x0)
        CHECKPOINT         : 0x0
        WAIT_HINT          : 0x0

SERVICE_NAME: DoSvc
DISPLAY_NAME: Delivery Optimization
        TYPE               : 30  WIN32
        STATE              : 4  RUNNING
                                (STOPPABLE, NOT_PAUSABLE, ACCEPTS_PRESHUTDOWN)
        WIN32_EXIT_CODE    : 0  (0x0)
        SERVICE_EXIT_CODE  : 0  (0x0)
        CHECKPOINT         : 0x0
        WAIT_HINT          : 0x0

SERVICE_NAME: DPS
DISPLAY_NAME: Diagnostic Policy Service
        TYPE               : 30  WIN32
        STATE              : 4  RUNNING
                                (STOPPABLE, NOT_PAUSABLE, ACCEPTS_SHUTDOWN)
        WIN32_EXIT_CODE    : 0  (0x0)
        SERVICE_EXIT_CODE  : 0  (0x0)
        CHECKPOINT         : 0x0
        WAIT_HINT          : 0x0

SERVICE_NAME: DusmSvc
DISPLAY_NAME: 数据使用量
        TYPE               : 10  WIN32_OWN_PROCESS
        STATE              : 4  RUNNING
                                (STOPPABLE, NOT_PAUSABLE, IGNORES_SHUTDOWN)
        WIN32_EXIT_CODE    : 0  (0x0)
        SERVICE_EXIT_CODE  : 0  (0x0)
        CHECKPOINT         : 0x0
        WAIT_HINT          : 0x0

SERVICE_NAME: EventLog
DISPLAY_NAME: Windows Event Log
        TYPE               : 30  WIN32
        STATE              : 4  RUNNING
                                (STOPPABLE, NOT_PAUSABLE, ACCEPTS_SHUTDOWN)
        WIN32_EXIT_CODE    : 0  (0x0)
        SERVICE_EXIT_CODE  : 0  (0x0)
        CHECKPOINT         : 0x0
        WAIT_HINT          : 0x0

SERVICE_NAME: EventSystem
DISPLAY_NAME: COM+ Event System
        TYPE               : 30  WIN32
        STATE              : 4  RUNNING
                                (STOPPABLE, NOT_PAUSABLE, IGNORES_SHUTDOWN)
        WIN32_EXIT_CODE    : 0  (0x0)
        SERVICE_EXIT_CODE  : 0  (0x0)
        CHECKPOINT         : 0x0
        WAIT_HINT          : 0x0

SERVICE_NAME: EvtEng
DISPLAY_NAME: Intel(R) PROSet/Wireless Event Log
        TYPE               : 10  WIN32_OWN_PROCESS
        STATE              : 4  RUNNING
                                (STOPPABLE, NOT_PAUSABLE, IGNORES_SHUTDOWN)
        WIN32_EXIT_CODE    : 0  (0x0)
        SERVICE_EXIT_CODE  : 0  (0x0)
        CHECKPOINT         : 0x0
        WAIT_HINT          : 0x0

SERVICE_NAME: FontCache
DISPLAY_NAME: Windows Font Cache Service
        TYPE               : 30  WIN32
        STATE              : 4  RUNNING
                                (STOPPABLE, NOT_PAUSABLE, ACCEPTS_SHUTDOWN)
        WIN32_EXIT_CODE    : 0  (0x0)
        SERVICE_EXIT_CODE  : 0  (0x0)
        CHECKPOINT         : 0x0
        WAIT_HINT          : 0x0

SERVICE_NAME: FontCache3.0.0.0
DISPLAY_NAME: Windows Presentation Foundation Font Cache 3.0.0.0
        TYPE               : 10  WIN32_OWN_PROCESS
        STATE              : 4  RUNNING
                                (STOPPABLE, NOT_PAUSABLE, ACCEPTS_SHUTDOWN)
        WIN32_EXIT_CODE    : 0  (0x0)
        SERVICE_EXIT_CODE  : 0  (0x0)
        CHECKPOINT         : 0x0
        WAIT_HINT          : 0x0

SERVICE_NAME: gpsvc
DISPLAY_NAME: Group Policy Client
        TYPE               : 30  WIN32
        STATE              : 4  RUNNING
                                (STOPPABLE, NOT_PAUSABLE, ACCEPTS_PRESHUTDOWN)
        WIN32_EXIT_CODE    : 0  (0x0)
        SERVICE_EXIT_CODE  : 0  (0x0)
        CHECKPOINT         : 0x0
        WAIT_HINT          : 0x0

SERVICE_NAME: hidserv
DISPLAY_NAME: Human Interface Device Service
        TYPE               : 30  WIN32
        STATE              : 4  RUNNING
                                (STOPPABLE, NOT_PAUSABLE, ACCEPTS_SHUTDOWN)
        WIN32_EXIT_CODE    : 0  (0x0)
        SERVICE_EXIT_CODE  : 0  (0x0)
        CHECKPOINT         : 0x0
        WAIT_HINT          : 0x0

SERVICE_NAME: HKClipSvc
DISPLAY_NAME: HotKey Clipboard Service
        TYPE               : 10  WIN32_OWN_PROCESS
        STATE              : 4  RUNNING
                                (STOPPABLE, NOT_PAUSABLE, IGNORES_SHUTDOWN)
        WIN32_EXIT_CODE    : 0  (0x0)
        SERVICE_EXIT_CODE  : 0  (0x0)
        CHECKPOINT         : 0x0
        WAIT_HINT          : 0x0

SERVICE_NAME: IAStorDataMgrSvc
DISPLAY_NAME: Intel(R) Rapid Storage Technology
        TYPE               : 10  WIN32_OWN_PROCESS
        STATE              : 4  RUNNING
                                (STOPPABLE, NOT_PAUSABLE, ACCEPTS_SHUTDOWN)
        WIN32_EXIT_CODE    : 0  (0x0)
        SERVICE_EXIT_CODE  : 0  (0x0)
        CHECKPOINT         : 0x0
        WAIT_HINT          : 0x0

SERVICE_NAME: igccservice
DISPLAY_NAME: Intel(R) Graphics Command Center Service
        TYPE               : 10  WIN32_OWN_PROCESS
        STATE              : 4  RUNNING
                                (STOPPABLE, PAUSABLE, ACCEPTS_SHUTDOWN)
        WIN32_EXIT_CODE    : 0  (0x0)
        SERVICE_EXIT_CODE  : 0  (0x0)
        CHECKPOINT         : 0x0
        WAIT_HINT          : 0x0

SERVICE_NAME: igfxCUIService2.0.0.0
DISPLAY_NAME: Intel(R) HD Graphics Control Panel Service
        TYPE               : 10  WIN32_OWN_PROCESS
        STATE              : 4  RUNNING
                                (STOPPABLE, NOT_PAUSABLE, IGNORES_SHUTDOWN)
        WIN32_EXIT_CODE    : 0  (0x0)
        SERVICE_EXIT_CODE  : 0  (0x0)
        CHECKPOINT         : 0x0
        WAIT_HINT          : 0x0

SERVICE_NAME: iphlpsvc
DISPLAY_NAME: IP Helper
        TYPE               : 30  WIN32
        STATE              : 4  RUNNING
                                (STOPPABLE, NOT_PAUSABLE, IGNORES_SHUTDOWN)
        WIN32_EXIT_CODE    : 0  (0x0)
        SERVICE_EXIT_CODE  : 0  (0x0)
        CHECKPOINT         : 0x0
        WAIT_HINT          : 0x0

SERVICE_NAME: jhi_service
DISPLAY_NAME: Intel(R) Dynamic Application Loader Host Interface Service
        TYPE               : 10  WIN32_OWN_PROCESS
        STATE              : 4  RUNNING
                                (STOPPABLE, NOT_PAUSABLE, IGNORES_SHUTDOWN)
        WIN32_EXIT_CODE    : 0  (0x0)
        SERVICE_EXIT_CODE  : 0  (0x0)
        CHECKPOINT         : 0x0
        WAIT_HINT          : 0x0

SERVICE_NAME: KeyIso
DISPLAY_NAME: CNG Key Isolation
        TYPE               : 20  WIN32_SHARE_PROCESS
        STATE              : 4  RUNNING
                                (STOPPABLE, NOT_PAUSABLE, IGNORES_SHUTDOWN)
        WIN32_EXIT_CODE    : 0  (0x0)
        SERVICE_EXIT_CODE  : 0  (0x0)
        CHECKPOINT         : 0x0
        WAIT_HINT          : 0x0

SERVICE_NAME: LanmanServer
DISPLAY_NAME: Server
        TYPE               : 30  WIN32
        STATE              : 4  RUNNING
                                (STOPPABLE, NOT_PAUSABLE, IGNORES_SHUTDOWN)
        WIN32_EXIT_CODE    : 0  (0x0)
        SERVICE_EXIT_CODE  : 0  (0x0)
        CHECKPOINT         : 0x0
        WAIT_HINT          : 0x0

SERVICE_NAME: LanmanWorkstation
DISPLAY_NAME: Workstation
        TYPE               : 30  WIN32
        STATE              : 4  RUNNING
                                (STOPPABLE, PAUSABLE, IGNORES_SHUTDOWN)
        WIN32_EXIT_CODE    : 0  (0x0)
        SERVICE_EXIT_CODE  : 0  (0x0)
        CHECKPOINT         : 0x0
        WAIT_HINT          : 0x0

SERVICE_NAME: lfsvc
DISPLAY_NAME: Geolocation Service
        TYPE               : 30  WIN32
        STATE              : 4  RUNNING
                                (STOPPABLE, NOT_PAUSABLE, IGNORES_SHUTDOWN)
        WIN32_EXIT_CODE    : 0  (0x0)
        SERVICE_EXIT_CODE  : 0  (0x0)
        CHECKPOINT         : 0x0
        WAIT_HINT          : 0x0

SERVICE_NAME: LicenseManager
DISPLAY_NAME: Windows 许可证管理器服务
        TYPE               : 30  WIN32
        STATE              : 4  RUNNING
                                (STOPPABLE, NOT_PAUSABLE, IGNORES_SHUTDOWN)
        WIN32_EXIT_CODE    : 0  (0x0)
        SERVICE_EXIT_CODE  : 0  (0x0)
        CHECKPOINT         : 0x0
        WAIT_HINT          : 0x0

SERVICE_NAME: LkCitadelServer
DISPLAY_NAME: NI Citadel 4 Service
        TYPE               : 10  WIN32_OWN_PROCESS
        STATE              : 4  RUNNING
                                (STOPPABLE, NOT_PAUSABLE, ACCEPTS_SHUTDOWN)
        WIN32_EXIT_CODE    : 0  (0x0)
        SERVICE_EXIT_CODE  : 0  (0x0)
        CHECKPOINT         : 0x0
        WAIT_HINT          : 0x0

SERVICE_NAME: lkClassAds
DISPLAY_NAME: NI PSP Service Locator
        TYPE               : 10  WIN32_OWN_PROCESS
        STATE              : 4  RUNNING
                                (STOPPABLE, NOT_PAUSABLE, ACCEPTS_SHUTDOWN)
        WIN32_EXIT_CODE    : 0  (0x0)
        SERVICE_EXIT_CODE  : 0  (0x0)
        CHECKPOINT         : 0x0
        WAIT_HINT          : 0x0

SERVICE_NAME: lkTimeSync
DISPLAY_NAME: NI Time Synchronization
        TYPE               : 10  WIN32_OWN_PROCESS
        STATE              : 4  RUNNING
                                (STOPPABLE, NOT_PAUSABLE, ACCEPTS_SHUTDOWN)
        WIN32_EXIT_CODE    : 0  (0x0)
        SERVICE_EXIT_CODE  : 0  (0x0)
        CHECKPOINT         : 0x0
        WAIT_HINT          : 0x0

SERVICE_NAME: LMS
DISPLAY_NAME: Intel(R) Management and Security Application Local Management Service
        TYPE               : 10  WIN32_OWN_PROCESS
        STATE              : 4  RUNNING
                                (STOPPABLE, NOT_PAUSABLE, ACCEPTS_SHUTDOWN)
        WIN32_EXIT_CODE    : 0  (0x0)
        SERVICE_EXIT_CODE  : 0  (0x0)
        CHECKPOINT         : 0x0
        WAIT_HINT          : 0x0

SERVICE_NAME: LSM
DISPLAY_NAME: Local Session Manager
        TYPE               : 30  WIN32
        STATE              : 4  RUNNING
                                (NOT_STOPPABLE, NOT_PAUSABLE, IGNORES_SHUTDOWN)
        WIN32_EXIT_CODE    : 0  (0x0)
        SERVICE_EXIT_CODE  : 0  (0x0)
        CHECKPOINT         : 0x0
        WAIT_HINT          : 0x0

SERVICE_NAME: mpssvc
DISPLAY_NAME: Windows Defender Firewall
        TYPE               : 20  WIN32_SHARE_PROCESS
        STATE              : 4  RUNNING
                                (NOT_STOPPABLE, NOT_PAUSABLE, IGNORES_SHUTDOWN)
        WIN32_EXIT_CODE    : 0  (0x0)
        SERVICE_EXIT_CODE  : 0  (0x0)
        CHECKPOINT         : 0x0
        WAIT_HINT          : 0x0

SERVICE_NAME: NcbService
DISPLAY_NAME: Network Connection Broker
        TYPE               : 30  WIN32
        STATE              : 4  RUNNING
                                (STOPPABLE, NOT_PAUSABLE, IGNORES_SHUTDOWN)
        WIN32_EXIT_CODE    : 0  (0x0)
        SERVICE_EXIT_CODE  : 0  (0x0)
        CHECKPOINT         : 0x0
        WAIT_HINT          : 0x0

SERVICE_NAME: netprofm
DISPLAY_NAME: Network List Service
        TYPE               : 30  WIN32
        STATE              : 4  RUNNING
                                (STOPPABLE, NOT_PAUSABLE, IGNORES_SHUTDOWN)
        WIN32_EXIT_CODE    : 0  (0x0)
        SERVICE_EXIT_CODE  : 0  (0x0)
        CHECKPOINT         : 0x0
        WAIT_HINT          : 0x0

SERVICE_NAME: NgcCtnrSvc
DISPLAY_NAME: Microsoft Passport Container
        TYPE               : 30  WIN32
        STATE              : 4  RUNNING
                                (STOPPABLE, NOT_PAUSABLE, ACCEPTS_PRESHUTDOWN)
        WIN32_EXIT_CODE    : 0  (0x0)
        SERVICE_EXIT_CODE  : 0  (0x0)
        CHECKPOINT         : 0x0
        WAIT_HINT          : 0x0

SERVICE_NAME: NgcSvc
DISPLAY_NAME: Microsoft Passport
        TYPE               : 30  WIN32
        STATE              : 4  RUNNING
                                (STOPPABLE, NOT_PAUSABLE, IGNORES_SHUTDOWN)
        WIN32_EXIT_CODE    : 0  (0x0)
        SERVICE_EXIT_CODE  : 0  (0x0)
        CHECKPOINT         : 0x0
        WAIT_HINT          : 0x0

SERVICE_NAME: NIApplicationWebServer
DISPLAY_NAME: NI Application Web Server
        TYPE               : 10  WIN32_OWN_PROCESS
        STATE              : 4  RUNNING
                                (STOPPABLE, NOT_PAUSABLE, ACCEPTS_SHUTDOWN)
        WIN32_EXIT_CODE    : 0  (0x0)
        SERVICE_EXIT_CODE  : 0  (0x0)
        CHECKPOINT         : 0x0
        WAIT_HINT          : 0x0

SERVICE_NAME: NIDomainService
DISPLAY_NAME: NI Domain Service
        TYPE               : 10  WIN32_OWN_PROCESS
        STATE              : 4  RUNNING
                                (STOPPABLE, NOT_PAUSABLE, ACCEPTS_SHUTDOWN)
        WIN32_EXIT_CODE    : 0  (0x0)
        SERVICE_EXIT_CODE  : 0  (0x0)
        CHECKPOINT         : 0x0
        WAIT_HINT          : 0x0

SERVICE_NAME: nimDNSResponder
DISPLAY_NAME: NI mDNS Responder Service
        TYPE               : 10  WIN32_OWN_PROCESS
        STATE              : 4  RUNNING
                                (STOPPABLE, NOT_PAUSABLE, IGNORES_SHUTDOWN)
        WIN32_EXIT_CODE    : 0  (0x0)
        SERVICE_EXIT_CODE  : 0  (0x0)
        CHECKPOINT         : 0x0
        WAIT_HINT          : 0x0

SERVICE_NAME: NiSvcLoc
DISPLAY_NAME: NI Service Locator
        TYPE               : 10  WIN32_OWN_PROCESS
        STATE              : 4  RUNNING
                                (STOPPABLE, NOT_PAUSABLE, IGNORES_SHUTDOWN)
        WIN32_EXIT_CODE    : 0  (0x0)
        SERVICE_EXIT_CODE  : 0  (0x0)
        CHECKPOINT         : 0x0
        WAIT_HINT          : 0x0

SERVICE_NAME: NISystemWebServer
DISPLAY_NAME: NI System Web Server
        TYPE               : 10  WIN32_OWN_PROCESS
        STATE              : 4  RUNNING
                                (STOPPABLE, NOT_PAUSABLE, ACCEPTS_SHUTDOWN)
        WIN32_EXIT_CODE    : 0  (0x0)
        SERVICE_EXIT_CODE  : 0  (0x0)
        CHECKPOINT         : 0x0
        WAIT_HINT          : 0x0

SERVICE_NAME: NlaSvc
DISPLAY_NAME: Network Location Awareness
        TYPE               : 30  WIN32
        STATE              : 4  RUNNING
                                (STOPPABLE, NOT_PAUSABLE, IGNORES_SHUTDOWN)
        WIN32_EXIT_CODE    : 0  (0x0)
        SERVICE_EXIT_CODE  : 0  (0x0)
        CHECKPOINT         : 0x0
        WAIT_HINT          : 0x0

SERVICE_NAME: nsi
DISPLAY_NAME: Network Store Interface Service
        TYPE               : 30  WIN32
        STATE              : 4  RUNNING
                                (STOPPABLE, NOT_PAUSABLE, IGNORES_SHUTDOWN)
        WIN32_EXIT_CODE    : 0  (0x0)
        SERVICE_EXIT_CODE  : 0  (0x0)
        CHECKPOINT         : 0x0
        WAIT_HINT          : 0x0

SERVICE_NAME: NVDisplay.ContainerLocalSystem
DISPLAY_NAME: NVIDIA Display Container LS
        TYPE               : 10  WIN32_OWN_PROCESS
        STATE              : 4  RUNNING
                                (STOPPABLE, NOT_PAUSABLE, ACCEPTS_SHUTDOWN)
        WIN32_EXIT_CODE    : 0  (0x0)
        SERVICE_EXIT_CODE  : 0  (0x0)
        CHECKPOINT         : 0x0
        WAIT_HINT          : 0x0

SERVICE_NAME: Origin Web Helper Service
DISPLAY_NAME: Origin Web Helper Service
        TYPE               : 10  WIN32_OWN_PROCESS
        STATE              : 4  RUNNING
                                (STOPPABLE, NOT_PAUSABLE, IGNORES_SHUTDOWN)
        WIN32_EXIT_CODE    : 0  (0x0)
        SERVICE_EXIT_CODE  : 0  (0x0)
        CHECKPOINT         : 0x0
        WAIT_HINT          : 0x0

SERVICE_NAME: PcaSvc
DISPLAY_NAME: Program Compatibility Assistant Service
        TYPE               : 30  WIN32
        STATE              : 4  RUNNING
                                (STOPPABLE, NOT_PAUSABLE, ACCEPTS_SHUTDOWN)
        WIN32_EXIT_CODE    : 0  (0x0)
        SERVICE_EXIT_CODE  : 0  (0x0)
        CHECKPOINT         : 0x0
        WAIT_HINT          : 0x0

SERVICE_NAME: PlugPlay
DISPLAY_NAME: Plug and Play
        TYPE               : 20  WIN32_SHARE_PROCESS
        STATE              : 4  RUNNING
                                (STOPPABLE, NOT_PAUSABLE, ACCEPTS_SHUTDOWN)
        WIN32_EXIT_CODE    : 0  (0x0)
        SERVICE_EXIT_CODE  : 0  (0x0)
        CHECKPOINT         : 0x0
        WAIT_HINT          : 0x0

SERVICE_NAME: Power
DISPLAY_NAME: Power
        TYPE               : 20  WIN32_SHARE_PROCESS
        STATE              : 4  RUNNING
                                (NOT_STOPPABLE, NOT_PAUSABLE, IGNORES_SHUTDOWN)
        WIN32_EXIT_CODE    : 0  (0x0)
        SERVICE_EXIT_CODE  : 0  (0x0)
        CHECKPOINT         : 0x0
        WAIT_HINT          : 0x0

SERVICE_NAME: ProfSvc
DISPLAY_NAME: User Profile Service
        TYPE               : 30  WIN32
        STATE              : 4  RUNNING
                                (STOPPABLE, NOT_PAUSABLE, ACCEPTS_SHUTDOWN)
        WIN32_EXIT_CODE    : 0  (0x0)
        SERVICE_EXIT_CODE  : 0  (0x0)
        CHECKPOINT         : 0x0
        WAIT_HINT          : 0x0

SERVICE_NAME: QPCore
DISPLAY_NAME: QPCore Service
        TYPE               : 10  WIN32_OWN_PROCESS
        STATE              : 4  RUNNING
                                (NOT_STOPPABLE, NOT_PAUSABLE, ACCEPTS_SHUTDOWN)
        WIN32_EXIT_CODE    : 0  (0x0)
        SERVICE_EXIT_CODE  : 0  (0x0)
        CHECKPOINT         : 0x0
        WAIT_HINT          : 0x0

SERVICE_NAME: QQGameService
DISPLAY_NAME: QQGameService
        TYPE               : 10  WIN32_OWN_PROCESS
        STATE              : 4  RUNNING
                                (STOPPABLE, NOT_PAUSABLE, ACCEPTS_SHUTDOWN)
        WIN32_EXIT_CODE    : 0  (0x0)
        SERVICE_EXIT_CODE  : 0  (0x0)
        CHECKPOINT         : 0x0
        WAIT_HINT          : 0x0

SERVICE_NAME: RasMan
DISPLAY_NAME: Remote Access Connection Manager
        TYPE               : 20  WIN32_SHARE_PROCESS
        STATE              : 4  RUNNING
                                (STOPPABLE, NOT_PAUSABLE, ACCEPTS_SHUTDOWN)
        WIN32_EXIT_CODE    : 0  (0x0)
        SERVICE_EXIT_CODE  : 0  (0x0)
        CHECKPOINT         : 0x0
        WAIT_HINT          : 0x0

SERVICE_NAME: RegSrvc
DISPLAY_NAME: Intel(R) PROSet/Wireless Registry Service
        TYPE               : 10  WIN32_OWN_PROCESS
        STATE              : 4  RUNNING
                                (STOPPABLE, NOT_PAUSABLE, IGNORES_SHUTDOWN)
        WIN32_EXIT_CODE    : 0  (0x0)
        SERVICE_EXIT_CODE  : 0  (0x0)
        CHECKPOINT         : 0x0
        WAIT_HINT          : 0x0

SERVICE_NAME: RmSvc
DISPLAY_NAME: 无线电管理服务
        TYPE               : 30  WIN32
        STATE              : 4  RUNNING
                                (STOPPABLE, NOT_PAUSABLE, IGNORES_SHUTDOWN)
        WIN32_EXIT_CODE    : 0  (0x0)
        SERVICE_EXIT_CODE  : 0  (0x0)
        CHECKPOINT         : 0x0
        WAIT_HINT          : 0x0

SERVICE_NAME: RpcEptMapper
DISPLAY_NAME: RPC Endpoint Mapper
        TYPE               : 20  WIN32_SHARE_PROCESS
        STATE              : 4  RUNNING
                                (NOT_STOPPABLE, NOT_PAUSABLE, IGNORES_SHUTDOWN)
        WIN32_EXIT_CODE    : 0  (0x0)
        SERVICE_EXIT_CODE  : 0  (0x0)
        CHECKPOINT         : 0x0
        WAIT_HINT          : 0x0

SERVICE_NAME: RpcSs
DISPLAY_NAME: Remote Procedure Call (RPC)
        TYPE               : 20  WIN32_SHARE_PROCESS
        STATE              : 4  RUNNING
                                (NOT_STOPPABLE, NOT_PAUSABLE, IGNORES_SHUTDOWN)
        WIN32_EXIT_CODE    : 0  (0x0)
        SERVICE_EXIT_CODE  : 0  (0x0)
        CHECKPOINT         : 0x0
        WAIT_HINT          : 0x0

SERVICE_NAME: RtkAudioUniversalService
DISPLAY_NAME: Realtek Audio Universal Service
        TYPE               : 10  WIN32_OWN_PROCESS
        STATE              : 4  RUNNING
                                (STOPPABLE, NOT_PAUSABLE, ACCEPTS_SHUTDOWN)
        WIN32_EXIT_CODE    : 0  (0x0)
        SERVICE_EXIT_CODE  : 0  (0x0)
        CHECKPOINT         : 0x0
        WAIT_HINT          : 0x0

SERVICE_NAME: SamSs
DISPLAY_NAME: Security Accounts Manager
        TYPE               : 20  WIN32_SHARE_PROCESS
        STATE              : 4  RUNNING
                                (NOT_STOPPABLE, NOT_PAUSABLE, IGNORES_SHUTDOWN)
        WIN32_EXIT_CODE    : 0  (0x0)
        SERVICE_EXIT_CODE  : 0  (0x0)
        CHECKPOINT         : 0x0
        WAIT_HINT          : 0x0

SERVICE_NAME: SangforPWEx
DISPLAY_NAME: Sangfor VPN Security Protect Service
        TYPE               : 10  WIN32_OWN_PROCESS
        STATE              : 4  RUNNING
                                (STOPPABLE, NOT_PAUSABLE, IGNORES_SHUTDOWN)
        WIN32_EXIT_CODE    : 0  (0x0)
        SERVICE_EXIT_CODE  : 0  (0x0)
        CHECKPOINT         : 0x0
        WAIT_HINT          : 0x0

SERVICE_NAME: SangforSP
DISPLAY_NAME: SangforSP
        TYPE               : 110  WIN32_OWN_PROCESS  (interactive)
        STATE              : 4  RUNNING
                                (STOPPABLE, NOT_PAUSABLE, IGNORES_SHUTDOWN)
        WIN32_EXIT_CODE    : 0  (0x0)
        SERVICE_EXIT_CODE  : 0  (0x0)
        CHECKPOINT         : 0x0
        WAIT_HINT          : 0x0

SERVICE_NAME: Schedule
DISPLAY_NAME: Task Scheduler
        TYPE               : 30  WIN32
        STATE              : 4  RUNNING
                                (STOPPABLE, NOT_PAUSABLE, ACCEPTS_SHUTDOWN)
        WIN32_EXIT_CODE    : 0  (0x0)
        SERVICE_EXIT_CODE  : 0  (0x0)
        CHECKPOINT         : 0x0
        WAIT_HINT          : 0x0

SERVICE_NAME: seclogon
DISPLAY_NAME: Secondary Logon
        TYPE               : 30  WIN32
        STATE              : 4  RUNNING
                                (STOPPABLE, PAUSABLE, IGNORES_SHUTDOWN)
        WIN32_EXIT_CODE    : 0  (0x0)
        SERVICE_EXIT_CODE  : 0  (0x0)
        CHECKPOINT         : 0x0
        WAIT_HINT          : 0x0

SERVICE_NAME: SecoClientService
DISPLAY_NAME: SecoClientService
        TYPE               : 110  WIN32_OWN_PROCESS  (interactive)
        STATE              : 4  RUNNING
                                (STOPPABLE, PAUSABLE, ACCEPTS_SHUTDOWN)
        WIN32_EXIT_CODE    : 0  (0x0)
        SERVICE_EXIT_CODE  : 0  (0x0)
        CHECKPOINT         : 0x0
        WAIT_HINT          : 0x0

SERVICE_NAME: SecurityHealthService
DISPLAY_NAME: Windows 安全中心服务
        TYPE               : 10  WIN32_OWN_PROCESS
        STATE              : 4  RUNNING
                                (NOT_STOPPABLE, NOT_PAUSABLE, ACCEPTS_PRESHUTDOWN)
        WIN32_EXIT_CODE    : 0  (0x0)
        SERVICE_EXIT_CODE  : 0  (0x0)
        CHECKPOINT         : 0x0
        WAIT_HINT          : 0x0

SERVICE_NAME: SENS
DISPLAY_NAME: System Event Notification Service
        TYPE               : 30  WIN32
        STATE              : 4  RUNNING
                                (STOPPABLE, NOT_PAUSABLE, IGNORES_SHUTDOWN)
        WIN32_EXIT_CODE    : 0  (0x0)
        SERVICE_EXIT_CODE  : 0  (0x0)
        CHECKPOINT         : 0x0
        WAIT_HINT          : 0x0

SERVICE_NAME: SgrmBroker
DISPLAY_NAME: System Guard 运行时监视代理
        TYPE               : 10  WIN32_OWN_PROCESS
        STATE              : 4  RUNNING
                                (NOT_STOPPABLE, NOT_PAUSABLE, ACCEPTS_SHUTDOWN)
        WIN32_EXIT_CODE    : 0  (0x0)
        SERVICE_EXIT_CODE  : 0  (0x0)
        CHECKPOINT         : 0x0
        WAIT_HINT          : 0x0

SERVICE_NAME: ShellHWDetection
DISPLAY_NAME: Shell Hardware Detection
        TYPE               : 30  WIN32
        STATE              : 4  RUNNING
                                (STOPPABLE, NOT_PAUSABLE, IGNORES_SHUTDOWN)
        WIN32_EXIT_CODE    : 0  (0x0)
        SERVICE_EXIT_CODE  : 0  (0x0)
        CHECKPOINT         : 0x0
        WAIT_HINT          : 0x0

SERVICE_NAME: Splunkd
DISPLAY_NAME: Splunkd Service
        TYPE               : 10  WIN32_OWN_PROCESS
        STATE              : 4  RUNNING
                                (STOPPABLE, NOT_PAUSABLE, ACCEPTS_SHUTDOWN)
        WIN32_EXIT_CODE    : 0  (0x0)
        SERVICE_EXIT_CODE  : 0  (0x0)
        CHECKPOINT         : 0x0
        WAIT_HINT          : 0x0

SERVICE_NAME: Spooler
DISPLAY_NAME: Print Spooler
        TYPE               : 110  WIN32_OWN_PROCESS  (interactive)
        STATE              : 4  RUNNING
                                (STOPPABLE, NOT_PAUSABLE, IGNORES_SHUTDOWN)
        WIN32_EXIT_CODE    : 0  (0x0)
        SERVICE_EXIT_CODE  : 0  (0x0)
        CHECKPOINT         : 0x0
        WAIT_HINT          : 0x0

SERVICE_NAME: SQLTELEMETRY
DISPLAY_NAME: SQL Server CEIP 服务 (MSSQLSERVER)
        TYPE               : 10  WIN32_OWN_PROCESS
        STATE              : 4  RUNNING
                                (STOPPABLE, NOT_PAUSABLE, ACCEPTS_SHUTDOWN)
        WIN32_EXIT_CODE    : 0  (0x0)
        SERVICE_EXIT_CODE  : 0  (0x0)
        CHECKPOINT         : 0x0
        WAIT_HINT          : 0x0

SERVICE_NAME: SQLWriter
DISPLAY_NAME: SQL Server VSS Writer
        TYPE               : 10  WIN32_OWN_PROCESS
        STATE              : 4  RUNNING
                                (STOPPABLE, NOT_PAUSABLE, ACCEPTS_SHUTDOWN)
        WIN32_EXIT_CODE    : 0  (0x0)
        SERVICE_EXIT_CODE  : 0  (0x0)
        CHECKPOINT         : 0x0
        WAIT_HINT          : 0x0

SERVICE_NAME: SSDPSRV
DISPLAY_NAME: SSDP Discovery
        TYPE               : 30  WIN32
        STATE              : 4  RUNNING
                                (STOPPABLE, NOT_PAUSABLE, ACCEPTS_SHUTDOWN)
        WIN32_EXIT_CODE    : 0  (0x0)
        SERVICE_EXIT_CODE  : 0  (0x0)
        CHECKPOINT         : 0x0
        WAIT_HINT          : 0x0

SERVICE_NAME: SstpSvc
DISPLAY_NAME: Secure Socket Tunneling Protocol Service
        TYPE               : 30  WIN32
        STATE              : 4  RUNNING
                                (STOPPABLE, NOT_PAUSABLE, ACCEPTS_SHUTDOWN)
        WIN32_EXIT_CODE    : 0  (0x0)
        SERVICE_EXIT_CODE  : 0  (0x0)
        CHECKPOINT         : 0x0
        WAIT_HINT          : 0x0

SERVICE_NAME: StateRepository
DISPLAY_NAME: State Repository Service
        TYPE               : 30  WIN32
        STATE              : 4  RUNNING
                                (STOPPABLE, NOT_PAUSABLE, ACCEPTS_SHUTDOWN)
        WIN32_EXIT_CODE    : 0  (0x0)
        SERVICE_EXIT_CODE  : 0  (0x0)
        CHECKPOINT         : 0x0
        WAIT_HINT          : 0x0

SERVICE_NAME: StorSvc
DISPLAY_NAME: Storage Service
        TYPE               : 30  WIN32
        STATE              : 4  RUNNING
                                (STOPPABLE, NOT_PAUSABLE, IGNORES_SHUTDOWN)
        WIN32_EXIT_CODE    : 0  (0x0)
        SERVICE_EXIT_CODE  : 0  (0x0)
        CHECKPOINT         : 0x0
        WAIT_HINT          : 0x0

SERVICE_NAME: SysMain
DISPLAY_NAME: SysMain
        TYPE               : 30  WIN32
        STATE              : 4  RUNNING
                                (STOPPABLE, NOT_PAUSABLE, ACCEPTS_SHUTDOWN)
        WIN32_EXIT_CODE    : 0  (0x0)
        SERVICE_EXIT_CODE  : 0  (0x0)
        CHECKPOINT         : 0x0
        WAIT_HINT          : 0x0

SERVICE_NAME: SystemEventsBroker
DISPLAY_NAME: System Events Broker
        TYPE               : 20  WIN32_SHARE_PROCESS
        STATE              : 4  RUNNING
                                (STOPPABLE, NOT_PAUSABLE, IGNORES_SHUTDOWN)
        WIN32_EXIT_CODE    : 0  (0x0)
        SERVICE_EXIT_CODE  : 0  (0x0)
        CHECKPOINT         : 0x0
        WAIT_HINT          : 0x0

SERVICE_NAME: TabletInputService
DISPLAY_NAME: Touch Keyboard and Handwriting Panel Service
        TYPE               : 30  WIN32
        STATE              : 4  RUNNING
                                (NOT_STOPPABLE, NOT_PAUSABLE, IGNORES_SHUTDOWN)
        WIN32_EXIT_CODE    : 0  (0x0)
        SERVICE_EXIT_CODE  : 0  (0x0)
        CHECKPOINT         : 0x0
        WAIT_HINT          : 0x0

SERVICE_NAME: Themes
DISPLAY_NAME: Themes
        TYPE               : 30  WIN32
        STATE              : 4  RUNNING
                                (STOPPABLE, NOT_PAUSABLE, IGNORES_SHUTDOWN)
        WIN32_EXIT_CODE    : 0  (0x0)
        SERVICE_EXIT_CODE  : 0  (0x0)
        CHECKPOINT         : 0x0
        WAIT_HINT          : 0x0

SERVICE_NAME: TimeBrokerSvc
DISPLAY_NAME: Time Broker
        TYPE               : 30  WIN32
        STATE              : 4  RUNNING
                                (STOPPABLE, NOT_PAUSABLE, IGNORES_SHUTDOWN)
        WIN32_EXIT_CODE    : 0  (0x0)
        SERVICE_EXIT_CODE  : 0  (0x0)
        CHECKPOINT         : 0x0
        WAIT_HINT          : 0x0

SERVICE_NAME: TokenBroker
DISPLAY_NAME: Web 帐户管理器
        TYPE               : 30  WIN32
        STATE              : 4  RUNNING
                                (STOPPABLE, NOT_PAUSABLE, IGNORES_SHUTDOWN)
        WIN32_EXIT_CODE    : 0  (0x0)
        SERVICE_EXIT_CODE  : 0  (0x0)
        CHECKPOINT         : 0x0
        WAIT_HINT          : 0x0

SERVICE_NAME: TrkWks
DISPLAY_NAME: Distributed Link Tracking Client
        TYPE               : 30  WIN32
        STATE              : 4  RUNNING
                                (STOPPABLE, NOT_PAUSABLE, ACCEPTS_SHUTDOWN)
        WIN32_EXIT_CODE    : 0  (0x0)
        SERVICE_EXIT_CODE  : 0  (0x0)
        CHECKPOINT         : 0x0
        WAIT_HINT          : 0x0

SERVICE_NAME: UserManager
DISPLAY_NAME: User Manager
        TYPE               : 30  WIN32
        STATE              : 4  RUNNING
                                (STOPPABLE, NOT_PAUSABLE, IGNORES_SHUTDOWN)
        WIN32_EXIT_CODE    : 0  (0x0)
        SERVICE_EXIT_CODE  : 0  (0x0)
        CHECKPOINT         : 0x0
        WAIT_HINT          : 0x0

SERVICE_NAME: UsoSvc
DISPLAY_NAME: 更新 Orchestrator 服务
        TYPE               : 30  WIN32
        STATE              : 4  RUNNING
                                (STOPPABLE, NOT_PAUSABLE, ACCEPTS_SHUTDOWN)
        WIN32_EXIT_CODE    : 0  (0x0)
        SERVICE_EXIT_CODE  : 0  (0x0)
        CHECKPOINT         : 0x0
        WAIT_HINT          : 0x0

SERVICE_NAME: UWPService
DISPLAY_NAME: UWP RPC Service
        TYPE               : 10  WIN32_OWN_PROCESS
        STATE              : 4  RUNNING
                                (STOPPABLE, NOT_PAUSABLE, ACCEPTS_SHUTDOWN)
        WIN32_EXIT_CODE    : 0  (0x0)
        SERVICE_EXIT_CODE  : 0  (0x0)
        CHECKPOINT         : 0x0
        WAIT_HINT          : 0x0

SERVICE_NAME: VaultSvc
DISPLAY_NAME: Credential Manager
        TYPE               : 20  WIN32_SHARE_PROCESS
        STATE              : 4  RUNNING
                                (STOPPABLE, NOT_PAUSABLE, ACCEPTS_SHUTDOWN)
        WIN32_EXIT_CODE    : 0  (0x0)
        SERVICE_EXIT_CODE  : 0  (0x0)
        CHECKPOINT         : 0x0
        WAIT_HINT          : 0x0

SERVICE_NAME: VMAuthdService
DISPLAY_NAME: VMware Authorization Service
        TYPE               : 10  WIN32_OWN_PROCESS
        STATE              : 4  RUNNING
                                (STOPPABLE, NOT_PAUSABLE, IGNORES_SHUTDOWN)
        WIN32_EXIT_CODE    : 0  (0x0)
        SERVICE_EXIT_CODE  : 0  (0x0)
        CHECKPOINT         : 0x0
        WAIT_HINT          : 0x0

SERVICE_NAME: VMnetDHCP
DISPLAY_NAME: VMware DHCP Service
        TYPE               : 10  WIN32_OWN_PROCESS
        STATE              : 4  RUNNING
                                (STOPPABLE, NOT_PAUSABLE, IGNORES_SHUTDOWN)
        WIN32_EXIT_CODE    : 0  (0x0)
        SERVICE_EXIT_CODE  : 0  (0x0)
        CHECKPOINT         : 0x0
        WAIT_HINT          : 0x0

SERVICE_NAME: VMUSBArbService
DISPLAY_NAME: VMware USB Arbitration Service
        TYPE               : 10  WIN32_OWN_PROCESS
        STATE              : 4  RUNNING
                                (STOPPABLE, NOT_PAUSABLE, IGNORES_SHUTDOWN)
        WIN32_EXIT_CODE    : 0  (0x0)
        SERVICE_EXIT_CODE  : 0  (0x0)
        CHECKPOINT         : 0x0
        WAIT_HINT          : 0x0

SERVICE_NAME: VMware NAT Service
DISPLAY_NAME: VMware NAT Service
        TYPE               : 10  WIN32_OWN_PROCESS
        STATE              : 4  RUNNING
                                (STOPPABLE, NOT_PAUSABLE, IGNORES_SHUTDOWN)
        WIN32_EXIT_CODE    : 0  (0x0)
        SERVICE_EXIT_CODE  : 0  (0x0)
        CHECKPOINT         : 0x0
        WAIT_HINT          : 0x0

SERVICE_NAME: Wcmsvc
DISPLAY_NAME: Windows Connection Manager
        TYPE               : 10  WIN32_OWN_PROCESS
        STATE              : 4  RUNNING
                                (STOPPABLE, NOT_PAUSABLE, ACCEPTS_SHUTDOWN)
        WIN32_EXIT_CODE    : 0  (0x0)
        SERVICE_EXIT_CODE  : 0  (0x0)
        CHECKPOINT         : 0x0
        WAIT_HINT          : 0x0

SERVICE_NAME: WdiServiceHost
DISPLAY_NAME: Diagnostic Service Host
        TYPE               : 30  WIN32
        STATE              : 4  RUNNING
                                (STOPPABLE, NOT_PAUSABLE, ACCEPTS_SHUTDOWN)
        WIN32_EXIT_CODE    : 0  (0x0)
        SERVICE_EXIT_CODE  : 0  (0x0)
        CHECKPOINT         : 0x0
        WAIT_HINT          : 0x0

SERVICE_NAME: WdiSystemHost
DISPLAY_NAME: Diagnostic System Host
        TYPE               : 30  WIN32
        STATE              : 4  RUNNING
                                (STOPPABLE, NOT_PAUSABLE, ACCEPTS_SHUTDOWN)
        WIN32_EXIT_CODE    : 0  (0x0)
        SERVICE_EXIT_CODE  : 0  (0x0)
        CHECKPOINT         : 0x0
        WAIT_HINT          : 0x0

SERVICE_NAME: WdNisSvc
DISPLAY_NAME: Microsoft Defender Antivirus Network Inspection Service
        TYPE               : 10  WIN32_OWN_PROCESS
        STATE              : 4  RUNNING
                                (STOPPABLE, NOT_PAUSABLE, IGNORES_SHUTDOWN)
        WIN32_EXIT_CODE    : 0  (0x0)
        SERVICE_EXIT_CODE  : 0  (0x0)
        CHECKPOINT         : 0x0
        WAIT_HINT          : 0x0

SERVICE_NAME: WinDefend
DISPLAY_NAME: Microsoft Defender Antivirus Service
        TYPE               : 10  WIN32_OWN_PROCESS
        STATE              : 4  RUNNING
                                (NOT_STOPPABLE, NOT_PAUSABLE, ACCEPTS_SHUTDOWN)
        WIN32_EXIT_CODE    : 0  (0x0)
        SERVICE_EXIT_CODE  : 0  (0x0)
        CHECKPOINT         : 0x0
        WAIT_HINT          : 0x0

SERVICE_NAME: WinHttpAutoProxySvc
DISPLAY_NAME: WinHTTP Web Proxy Auto-Discovery Service
        TYPE               : 30  WIN32
        STATE              : 4  RUNNING
                                (NOT_STOPPABLE, NOT_PAUSABLE, ACCEPTS_SHUTDOWN)
        WIN32_EXIT_CODE    : 0  (0x0)
        SERVICE_EXIT_CODE  : 0  (0x0)
        CHECKPOINT         : 0x0
        WAIT_HINT          : 0x0

SERVICE_NAME: Winmgmt
DISPLAY_NAME: Windows Management Instrumentation
        TYPE               : 30  WIN32
        STATE              : 4  RUNNING
                                (STOPPABLE, PAUSABLE, ACCEPTS_SHUTDOWN)
        WIN32_EXIT_CODE    : 0  (0x0)
        SERVICE_EXIT_CODE  : 0  (0x0)
        CHECKPOINT         : 0x0
        WAIT_HINT          : 0x0

SERVICE_NAME: WlanSvc
DISPLAY_NAME: WLAN AutoConfig
        TYPE               : 10  WIN32_OWN_PROCESS
        STATE              : 4  RUNNING
                                (STOPPABLE, NOT_PAUSABLE, ACCEPTS_SHUTDOWN)
        WIN32_EXIT_CODE    : 0  (0x0)
        SERVICE_EXIT_CODE  : 0  (0x0)
        CHECKPOINT         : 0x0
        WAIT_HINT          : 0x0

SERVICE_NAME: WpnService
DISPLAY_NAME: Windows 推送通知系统服务
        TYPE               : 30  WIN32
        STATE              : 4  RUNNING
                                (STOPPABLE, NOT_PAUSABLE, IGNORES_SHUTDOWN)
        WIN32_EXIT_CODE    : 0  (0x0)
        SERVICE_EXIT_CODE  : 0  (0x0)
        CHECKPOINT         : 0x0
        WAIT_HINT          : 0x0

SERVICE_NAME: wscsvc
DISPLAY_NAME: Security Center
        TYPE               : 30  WIN32
        STATE              : 4  RUNNING
                                (STOPPABLE, NOT_PAUSABLE, ACCEPTS_SHUTDOWN)
        WIN32_EXIT_CODE    : 0  (0x0)
        SERVICE_EXIT_CODE  : 0  (0x0)
        CHECKPOINT         : 0x0
        WAIT_HINT          : 0x0

SERVICE_NAME: WSearch
DISPLAY_NAME: Windows Search
        TYPE               : 10  WIN32_OWN_PROCESS
        STATE              : 4  RUNNING
                                (STOPPABLE, NOT_PAUSABLE, ACCEPTS_SHUTDOWN)
        WIN32_EXIT_CODE    : 0  (0x0)
        SERVICE_EXIT_CODE  : 0  (0x0)
        CHECKPOINT         : 0x0
        WAIT_HINT          : 0x0

SERVICE_NAME: wuauserv
DISPLAY_NAME: Windows Update
        TYPE               : 30  WIN32
        STATE              : 4  RUNNING
                                (STOPPABLE, NOT_PAUSABLE, ACCEPTS_PRESHUTDOWN)
        WIN32_EXIT_CODE    : 0  (0x0)
        SERVICE_EXIT_CODE  : 0  (0x0)
        CHECKPOINT         : 0x0
        WAIT_HINT          : 0x0

SERVICE_NAME: XblAuthManager
DISPLAY_NAME: Xbox Live 身份验证管理器
        TYPE               : 30  WIN32
        STATE              : 4  RUNNING
                                (STOPPABLE, NOT_PAUSABLE, IGNORES_SHUTDOWN)
        WIN32_EXIT_CODE    : 0  (0x0)
        SERVICE_EXIT_CODE  : 0  (0x0)
        CHECKPOINT         : 0x0
        WAIT_HINT          : 0x0

SERVICE_NAME: XLServicePlatform
DISPLAY_NAME: 迅雷下载基础服务（用于快速申请磁盘空间及接管浏览器下载请求）
        TYPE               : 10  WIN32_OWN_PROCESS
        STATE              : 4  RUNNING
                                (STOPPABLE, NOT_PAUSABLE, IGNORES_SHUTDOWN)
        WIN32_EXIT_CODE    : 0  (0x0)
        SERVICE_EXIT_CODE  : 0  (0x0)
        CHECKPOINT         : 0x0
        WAIT_HINT          : 0x0

SERVICE_NAME: ZeroConfigService
DISPLAY_NAME: Intel(R) PROSet/Wireless Zero Configuration Service
        TYPE               : 10  WIN32_OWN_PROCESS
        STATE              : 4  RUNNING
                                (STOPPABLE, NOT_PAUSABLE, ACCEPTS_PRESHUTDOWN)
        WIN32_EXIT_CODE    : 0  (0x0)
        SERVICE_EXIT_CODE  : 0  (0x0)
        CHECKPOINT         : 0x0
        WAIT_HINT          : 0x0

SERVICE_NAME: BluetoothUserService_89d998
DISPLAY_NAME: 蓝牙用户支持服务_89d998
        TYPE               : f0   ERROR
        STATE              : 4  RUNNING
                                (STOPPABLE, NOT_PAUSABLE, IGNORES_SHUTDOWN)
        WIN32_EXIT_CODE    : 0  (0x0)
        SERVICE_EXIT_CODE  : 0  (0x0)
        CHECKPOINT         : 0x0
        WAIT_HINT          : 0x0

SERVICE_NAME: cbdhsvc_89d998
DISPLAY_NAME: 剪贴板用户服务_89d998
        TYPE               : f0   ERROR
        STATE              : 4  RUNNING
                                (STOPPABLE, NOT_PAUSABLE, IGNORES_SHUTDOWN)
        WIN32_EXIT_CODE    : 0  (0x0)
        SERVICE_EXIT_CODE  : 0  (0x0)
        CHECKPOINT         : 0x0
        WAIT_HINT          : 0x0

SERVICE_NAME: CDPUserSvc_89d998
DISPLAY_NAME: 连接设备平台用户服务_89d998
        TYPE               : f0   ERROR
        STATE              : 4  RUNNING
                                (STOPPABLE, NOT_PAUSABLE, IGNORES_SHUTDOWN)
        WIN32_EXIT_CODE    : 0  (0x0)
        SERVICE_EXIT_CODE  : 0  (0x0)
        CHECKPOINT         : 0x0
        WAIT_HINT          : 0x0

SERVICE_NAME: OneSyncSvc_89d998
DISPLAY_NAME: 同步主机_89d998
        TYPE               : e0  USER_SHARE_PROCESS INSTANCE
        STATE              : 4  RUNNING
                                (STOPPABLE, NOT_PAUSABLE, IGNORES_SHUTDOWN)
        WIN32_EXIT_CODE    : 0  (0x0)
        SERVICE_EXIT_CODE  : 0  (0x0)
        CHECKPOINT         : 0x0
        WAIT_HINT          : 0x0

SERVICE_NAME: PimIndexMaintenanceSvc_89d998
DISPLAY_NAME: Contact Data_89d998
        TYPE               : e0  USER_SHARE_PROCESS INSTANCE
        STATE              : 4  RUNNING
                                (STOPPABLE, NOT_PAUSABLE, ACCEPTS_PRESHUTDOWN)
        WIN32_EXIT_CODE    : 0  (0x0)
        SERVICE_EXIT_CODE  : 0  (0x0)
        CHECKPOINT         : 0x0
        WAIT_HINT          : 0x0

SERVICE_NAME: UnistoreSvc_89d998
DISPLAY_NAME: User Data Storage_89d998
        TYPE               : e0  USER_SHARE_PROCESS INSTANCE
        STATE              : 4  RUNNING
                                (STOPPABLE, NOT_PAUSABLE, ACCEPTS_PRESHUTDOWN)
        WIN32_EXIT_CODE    : 0  (0x0)
        SERVICE_EXIT_CODE  : 0  (0x0)
        CHECKPOINT         : 0x0
        WAIT_HINT          : 0x0

SERVICE_NAME: UserDataSvc_89d998
DISPLAY_NAME: User Data Access_89d998
        TYPE               : e0  USER_SHARE_PROCESS INSTANCE
        STATE              : 4  RUNNING
                                (STOPPABLE, NOT_PAUSABLE, ACCEPTS_PRESHUTDOWN)
        WIN32_EXIT_CODE    : 0  (0x0)
        SERVICE_EXIT_CODE  : 0  (0x0)
        CHECKPOINT         : 0x0
        WAIT_HINT          : 0x0

SERVICE_NAME: WpnUserService_89d998
DISPLAY_NAME: Windows Push Notifications User Service_89d998
        TYPE               : f0   ERROR
        STATE              : 4  RUNNING
                                (STOPPABLE, NOT_PAUSABLE, ACCEPTS_PRESHUTDOWN)
        WIN32_EXIT_CODE    : 0  (0x0)
        SERVICE_EXIT_CODE  : 0  (0x0)
        CHECKPOINT         : 0x0
        WAIT_HINT          : 0x0
nic information: Windows IP 配置

   主机名  . . . . . . . . . . . . . : DESKTOP-U6U0ULV
   主 DNS 后缀 . . . . . . . . . . . :
   节点类型  . . . . . . . . . . . . : 混合
   IP 路由已启用 . . . . . . . . . . : 否
   WINS 代理已启用 . . . . . . . . . : 否

以太网适配器 以太网:

   媒体状态  . . . . . . . . . . . . : 媒体已断开连接
   连接特定的 DNS 后缀 . . . . . . . :
   描述. . . . . . . . . . . . . . . : Realtek PCIe GbE Family Controller
   物理地址. . . . . . . . . . . . . : 80-FA-5B-6B-AD-9C
   DHCP 已启用 . . . . . . . . . . . : 是
   自动配置已启用. . . . . . . . . . : 是

以太网适配器 以太网 2:

   媒体状态  . . . . . . . . . . . . : 媒体已断开连接
   连接特定的 DNS 后缀 . . . . . . . :
   描述. . . . . . . . . . . . . . . : Sangfor SSL VPN CS Support System VNIC
   物理地址. . . . . . . . . . . . . : 00-FF-4B-32-44-4D
   DHCP 已启用 . . . . . . . . . . . : 否
   自动配置已启用. . . . . . . . . . : 是

以太网适配器 以太网 4:

   连接特定的 DNS 后缀 . . . . . . . :
   描述. . . . . . . . . . . . . . . : VirtualBox Host-Only Ethernet Adapter
   物理地址. . . . . . . . . . . . . : 0A-00-27-00-00-0C
   DHCP 已启用 . . . . . . . . . . . : 否
   自动配置已启用. . . . . . . . . . : 是
   本地链接 IPv6 地址. . . . . . . . : fe80::f16a:9d4c:4814:5fa7%12(首选)
   IPv4 地址 . . . . . . . . . . . . : 192.168.56.1(首选)
   子网掩码  . . . . . . . . . . . . : 255.255.255.0
   默认网关. . . . . . . . . . . . . :
   DHCPv6 IAID . . . . . . . . . . . : 1091174439
   DHCPv6 客户端 DUID  . . . . . . . : 00-01-00-01-24-9B-52-62-80-FA-5B-6B-AD-9C
   DNS 服务器  . . . . . . . . . . . : fec0:0:0:ffff::1%1
                                       fec0:0:0:ffff::2%1
                                       fec0:0:0:ffff::3%1
   TCPIP 上的 NetBIOS  . . . . . . . : 已启用

无线局域网适配器 本地连接* 1:

   媒体状态  . . . . . . . . . . . . : 媒体已断开连接
   连接特定的 DNS 后缀 . . . . . . . :
   描述. . . . . . . . . . . . . . . : Microsoft Wi-Fi Direct Virtual Adapter #3
   物理地址. . . . . . . . . . . . . : 3C-F0-11-84-4C-99
   DHCP 已启用 . . . . . . . . . . . : 是
   自动配置已启用. . . . . . . . . . : 是

无线局域网适配器 本地连接* 2:

   媒体状态  . . . . . . . . . . . . : 媒体已断开连接
   连接特定的 DNS 后缀 . . . . . . . :
   描述. . . . . . . . . . . . . . . : Microsoft Wi-Fi Direct Virtual Adapter #4
   物理地址. . . . . . . . . . . . . : 3E-F0-11-84-4C-98
   DHCP 已启用 . . . . . . . . . . . : 是
   自动配置已启用. . . . . . . . . . : 是

以太网适配器 以太网 3:

   媒体状态  . . . . . . . . . . . . : 媒体已断开连接
   连接特定的 DNS 后缀 . . . . . . . :
   描述. . . . . . . . . . . . . . . : Netease UU TAP-Win32 Adapter V9.21
   物理地址. . . . . . . . . . . . . : 00-FF-06-BC-FA-68
   DHCP 已启用 . . . . . . . . . . . : 是
   自动配置已启用. . . . . . . . . . : 是

以太网适配器 VMware Network Adapter VMnet1:

   连接特定的 DNS 后缀 . . . . . . . :
   描述. . . . . . . . . . . . . . . : VMware Virtual Ethernet Adapter for VMnet1
   物理地址. . . . . . . . . . . . . : 00-50-56-C0-00-01
   DHCP 已启用 . . . . . . . . . . . : 是
   自动配置已启用. . . . . . . . . . : 是
   本地链接 IPv6 地址. . . . . . . . : fe80::d7a:d873:a111:6c96%23(首选)
   IPv4 地址 . . . . . . . . . . . . : 192.168.231.1(首选)
   子网掩码  . . . . . . . . . . . . : 255.255.255.0
   获得租约的时间  . . . . . . . . . : 2022年5月13日 14:37:32
   租约过期的时间  . . . . . . . . . : 2022年5月13日 15:22:30
   默认网关. . . . . . . . . . . . . :
   DHCP 服务器 . . . . . . . . . . . : 192.168.231.254
   DHCPv6 IAID . . . . . . . . . . . : 151015510
   DHCPv6 客户端 DUID  . . . . . . . : 00-01-00-01-24-9B-52-62-80-FA-5B-6B-AD-9C
   DNS 服务器  . . . . . . . . . . . : fec0:0:0:ffff::1%1
                                       fec0:0:0:ffff::2%1
                                       fec0:0:0:ffff::3%1
   TCPIP 上的 NetBIOS  . . . . . . . : 已启用

以太网适配器 VMware Network Adapter VMnet8:

   连接特定的 DNS 后缀 . . . . . . . :
   描述. . . . . . . . . . . . . . . : VMware Virtual Ethernet Adapter for VMnet8
   物理地址. . . . . . . . . . . . . : 00-50-56-C0-00-08
   DHCP 已启用 . . . . . . . . . . . : 是
   自动配置已启用. . . . . . . . . . : 是
   本地链接 IPv6 地址. . . . . . . . : fe80::ccf1:6641:ea68:678d%13(首选)
   IPv4 地址 . . . . . . . . . . . . : 192.168.95.1(首选)
   子网掩码  . . . . . . . . . . . . : 255.255.255.0
   获得租约的时间  . . . . . . . . . : 2022年5月13日 14:37:32
   租约过期的时间  . . . . . . . . . : 2022年5月13日 15:22:30
   默认网关. . . . . . . . . . . . . :
   DHCP 服务器 . . . . . . . . . . . : 192.168.95.254
   DHCPv6 IAID . . . . . . . . . . . : 520114262
   DHCPv6 客户端 DUID  . . . . . . . : 00-01-00-01-24-9B-52-62-80-FA-5B-6B-AD-9C
   DNS 服务器  . . . . . . . . . . . : fec0:0:0:ffff::1%1
                                       fec0:0:0:ffff::2%1
                                       fec0:0:0:ffff::3%1
   主 WINS 服务器  . . . . . . . . . : 192.168.95.2
   TCPIP 上的 NetBIOS  . . . . . . . : 已启用

无线局域网适配器 WLAN:

   连接特定的 DNS 后缀 . . . . . . . :
   描述. . . . . . . . . . . . . . . : Intel(R) Wireless-AC 9462
   物理地址. . . . . . . . . . . . . : 3C-F0-11-84-4C-98
   DHCP 已启用 . . . . . . . . . . . : 是
   自动配置已启用. . . . . . . . . . : 是
   IPv6 地址 . . . . . . . . . . . . : 2001:da8:1002:6004::1:802b(首选)
   获得租约的时间  . . . . . . . . . : 2022年5月13日 14:37:58
   租约过期的时间  . . . . . . . . . : 2022年5月13日 15:27:58
   本地链接 IPv6 地址. . . . . . . . : fe80::1cb0:2ec1:a039:6d31%10(首选)
   IPv4 地址 . . . . . . . . . . . . : 10.203.140.100(首选)
   子网掩码  . . . . . . . . . . . . : 255.255.128.0
   获得租约的时间  . . . . . . . . . : 2022年5月13日 14:37:56
   租约过期的时间  . . . . . . . . . : 2022年5月13日 15:22:55
   默认网关. . . . . . . . . . . . . : fe80::200:5eff:fe00:165%10
                                       10.203.128.1
   DHCP 服务器 . . . . . . . . . . . : 10.203.128.1
   DHCPv6 IAID . . . . . . . . . . . : 154988561
   DHCPv6 客户端 DUID  . . . . . . . : 00-01-00-01-24-9B-52-62-80-FA-5B-6B-AD-9C
   DNS 服务器  . . . . . . . . . . . : 10.80.128.28
                                       10.81.254.5
   TCPIP 上的 NetBIOS  . . . . . . . : 已启用

以太网适配器 蓝牙网络连接:

   媒体状态  . . . . . . . . . . . . : 媒体已断开连接
   连接特定的 DNS 后缀 . . . . . . . :
   描述. . . . . . . . . . . . . . . : Bluetooth Device (Personal Area Network)
   物理地址. . . . . . . . . . . . . : 3C-F0-11-84-4C-9C
   DHCP 已启用 . . . . . . . . . . . : 是
   自动配置已启用. . . . . . . . . . : 是
   
route information:
===========================================================================
接口列表
 19...80 fa 5b 6b ad 9c ......Realtek PCIe GbE Family Controller
  9...00 ff 4b 32 44 4d ......Sangfor SSL VPN CS Support System VNIC
 12...0a 00 27 00 00 0c ......VirtualBox Host-Only Ethernet Adapter
  6...3c f0 11 84 4c 99 ......Microsoft Wi-Fi Direct Virtual Adapter #3
 11...3e f0 11 84 4c 98 ......Microsoft Wi-Fi Direct Virtual Adapter #4
  2...00 ff 06 bc fa 68 ......Netease UU TAP-Win32 Adapter V9.21
 23...00 50 56 c0 00 01 ......VMware Virtual Ethernet Adapter for VMnet1
 13...00 50 56 c0 00 08 ......VMware Virtual Ethernet Adapter for VMnet8
 10...3c f0 11 84 4c 98 ......Intel(R) Wireless-AC 9462
 14...3c f0 11 84 4c 9c ......Bluetooth Device (Personal Area Network)
  1...........................Software Loopback Interface 1
===========================================================================

IPv4 路由表
===========================================================================
活动路由:
网络目标        网络掩码          网关       接口   跃点数
          0.0.0.0          0.0.0.0     10.203.128.1   10.203.140.100     45
     10.203.128.0    255.255.128.0            在链路上    10.203.140.100    301
   10.203.140.100  255.255.255.255            在链路上    10.203.140.100    301
   10.203.255.255  255.255.255.255            在链路上    10.203.140.100    301
        127.0.0.0        255.0.0.0            在链路上         127.0.0.1    331
        127.0.0.1  255.255.255.255            在链路上         127.0.0.1    331
  127.255.255.255  255.255.255.255            在链路上         127.0.0.1    331
     192.168.56.0    255.255.255.0            在链路上      192.168.56.1    281
     192.168.56.1  255.255.255.255            在链路上      192.168.56.1    281
   192.168.56.255  255.255.255.255            在链路上      192.168.56.1    281
     192.168.95.0    255.255.255.0            在链路上      192.168.95.1    291
     192.168.95.1  255.255.255.255            在链路上      192.168.95.1    291
   192.168.95.255  255.255.255.255            在链路上      192.168.95.1    291
    192.168.231.0    255.255.255.0            在链路上     192.168.231.1    291
    192.168.231.1  255.255.255.255            在链路上     192.168.231.1    291
  192.168.231.255  255.255.255.255            在链路上     192.168.231.1    291
        224.0.0.0        240.0.0.0            在链路上         127.0.0.1    331
        224.0.0.0        240.0.0.0            在链路上      192.168.56.1    281
        224.0.0.0        240.0.0.0            在链路上     192.168.231.1    291
        224.0.0.0        240.0.0.0            在链路上      192.168.95.1    291
        224.0.0.0        240.0.0.0            在链路上    10.203.140.100    301
  255.255.255.255  255.255.255.255            在链路上         127.0.0.1    331
  255.255.255.255  255.255.255.255            在链路上      192.168.56.1    281
  255.255.255.255  255.255.255.255            在链路上     192.168.231.1    291
  255.255.255.255  255.255.255.255            在链路上      192.168.95.1    291
  255.255.255.255  255.255.255.255            在链路上    10.203.140.100    301
===========================================================================
永久路由:
  无

IPv6 路由表
===========================================================================
活动路由:
 接口跃点数网络目标                网关
 10    301 ::/0                     fe80::200:5eff:fe00:165
  1    331 ::1/128                  在链路上
 10    301 2001:da8:1002:6004::1:802b/128
                                    在链路上
 12    281 fe80::/64                在链路上
 23    291 fe80::/64                在链路上
 13    291 fe80::/64                在链路上
 10    301 fe80::/64                在链路上
 23    291 fe80::d7a:d873:a111:6c96/128
                                    在链路上
 10    301 fe80::1cb0:2ec1:a039:6d31/128
                                    在链路上
 13    291 fe80::ccf1:6641:ea68:678d/128
                                    在链路上
 12    281 fe80::f16a:9d4c:4814:5fa7/128
                                    在链路上
  1    331 ff00::/8                 在链路上
 12    281 ff00::/8                 在链路上
 23    291 ff00::/8                 在链路上
 13    291 ff00::/8                 在链路上
 10    301 ff00::/8                 在链路上
===========================================================================
永久路由:
  无
  
arp information: 
接口: 10.203.140.100 --- 0xa
  Internet 地址         物理地址              类型
  10.203.128.1          00-00-5e-00-01-65     动态
  10.203.255.255        ff-ff-ff-ff-ff-ff     静态
  224.0.0.22            01-00-5e-00-00-16     静态
  224.0.0.251           01-00-5e-00-00-fb     静态
  224.0.0.252           01-00-5e-00-00-fc     静态
  239.255.255.250       01-00-5e-7f-ff-fa     静态
  255.255.255.255       ff-ff-ff-ff-ff-ff     静态

接口: 192.168.56.1 --- 0xc
  Internet 地址         物理地址              类型
  192.168.56.255        ff-ff-ff-ff-ff-ff     静态
  224.0.0.22            01-00-5e-00-00-16     静态
  224.0.0.251           01-00-5e-00-00-fb     静态
  224.0.0.252           01-00-5e-00-00-fc     静态
  239.255.255.250       01-00-5e-7f-ff-fa     静态

接口: 192.168.95.1 --- 0xd
  Internet 地址         物理地址              类型
  192.168.95.254        00-50-56-f5-5d-e4     动态
  192.168.95.255        ff-ff-ff-ff-ff-ff     静态
  224.0.0.22            01-00-5e-00-00-16     静态
  224.0.0.251           01-00-5e-00-00-fb     静态
  224.0.0.252           01-00-5e-00-00-fc     静态
  239.255.255.250       01-00-5e-7f-ff-fa     静态
  255.255.255.255       ff-ff-ff-ff-ff-ff     静态

接口: 192.168.231.1 --- 0x17
  Internet 地址         物理地址              类型
  192.168.231.254       00-50-56-e3-7a-cb     动态
  192.168.231.255       ff-ff-ff-ff-ff-ff     静态
  224.0.0.22            01-00-5e-00-00-16     静态
  224.0.0.251           01-00-5e-00-00-fb     静态
  224.0.0.252           01-00-5e-00-00-fc     静态
  239.255.255.250       01-00-5e-7f-ff-fa     静态
  255.255.255.255       ff-ff-ff-ff-ff-ff     静态

information of processes:
Process information for DESKTOP-U6U0ULV:

Name                Pid Pri Thd  Hnd   Priv        CPU Time    Elapsed Time
Idle                  0   0   8    0     60     4:21:29.234     0:39:44.595
System                4   8 252 10358    200     0:02:44.125     0:39:44.595
Registry            124   8   4    0  58736     0:00:08.031     0:39:48.728
smss                508  11   2   53   1072     0:00:00.531     0:39:44.580
csrss               820  13  15  692   2132     0:00:04.343     0:39:29.631
wininit             888  13   1  162   1484     0:00:00.062     0:39:28.185
csrss               896  13  14  582   2748     0:00:14.781     0:39:28.183
services            996   9   6  862   6212     0:00:03.593     0:39:28.099
lsass                88   9   9 1451   9336     0:00:06.625     0:39:28.065
svchost             568   8  11 1530  11332     0:00:03.468     0:39:27.838
fontdrvhost        1056   8   5   32   2256     0:00:00.046     0:39:27.817
winlogon           1112  13   6  275   2700     0:00:00.156     0:39:27.804
fontdrvhost        1156   8   5   32   4736     0:00:01.937     0:39:27.782
svchost            1216   8  13 1405   7972     0:00:11.312     0:39:27.709
svchost            1260   8   5  297   2624     0:00:00.531     0:39:27.687
dwm                1328  13  14 1121  65204     0:02:13.171     0:39:27.606
svchost            1488   8   4  249   2584     0:00:00.140     0:39:27.524
svchost            1524   8   3  112   1256     0:00:00.015     0:39:27.508
svchost            1520   8   2  176   1724     0:00:00.046     0:39:27.508
svchost            1536   8   6  312   3216     0:00:00.328     0:39:27.508
svchost            1544   8   3  189   1868     0:00:00.078     0:39:27.508
svchost            1552   8   2  293   1868     0:00:00.046     0:39:27.508
IntelCpHDCPSvc     1660   8   3  154   1412     0:00:00.015     0:39:27.498
svchost            1672   8  11  336   2676     0:00:00.046     0:39:27.497
svchost            1740   8   8  408   6452     0:00:01.187     0:39:27.494
svchost            1768   8   5  137   1564     0:00:00.000     0:39:27.493
svchost            1784   8   1  150   1788     0:00:00.031     0:39:27.489
svchost            1900   8   2  247   4188     0:00:00.687     0:39:27.475
svchost            1928   8   9  438  18140     0:00:06.203     0:39:27.473
IntelCpHeciSvc     1988   8   3  143   1540     0:00:00.078     0:39:27.439
svchost            2076   8   5  250   2636     0:00:00.875     0:39:27.435
svchost            2136   8   2  168   1520     0:00:00.406     0:39:27.426
svchost            2244   8   3  154   4824     0:00:00.296     0:39:27.408
svchost            2256   8   2  231   2388     0:00:00.125     0:39:27.407
svchost            2336   8   6  252   2564     0:00:01.546     0:39:27.390
NVDisplay.Container  2396   8   8  349   5172     0:00:00.515     0:39:27.374
svchost            2508   8   5  402   4988     0:00:01.593     0:39:27.335
svchost            2592   8   3  162   2112     0:00:01.078     0:39:27.318
svchost            2644   8   4  231   2856     0:00:11.000     0:39:27.297
svchost            2652   8   3  222   1296     0:00:00.078     0:39:27.297
svchost            2660   8   6  193   2056     0:00:00.109     0:39:27.296
svchost            2736   8   6  193   8400     0:00:14.312     0:39:27.284
svchost            2792   8   8  429   3020     0:00:01.375     0:39:27.277
Memory Compression  2868   8  34    0    856     0:00:13.375     0:39:27.258
svchost            2916   8   2  175   1912     0:00:00.062     0:39:27.255
svchost            2924   8   1  122   1448     0:00:00.015     0:39:27.255
igfxCUIService     2976   8   2  186   1924     0:00:00.046     0:39:27.235
svchost            3052   8   2  217   2136     0:00:00.359     0:39:27.199
svchost            3060   8   4  152   2072     0:00:03.421     0:39:27.198
svchost            3092   8   3  180   1784     0:00:00.109     0:39:27.111
NVDisplay.Container  3176   8  34  744  39644     0:00:06.484     0:39:27.003
WUDFHost           3196  13   5  290   2004     0:00:00.109     0:39:26.991
svchost            3280   8  10  395   3388     0:00:00.515     0:39:26.833
svchost            3444   8   5  145   1796     0:00:00.125     0:39:26.661
svchost            3452   8  12  295   3664     0:00:12.640     0:39:26.661
svchost            3460   8   8  380   2880     0:00:00.437     0:39:26.661
svchost            3660   8   4  187   2132     0:00:00.953     0:39:26.580
svchost            3728   8  11  506   5960     0:00:00.515     0:39:26.518
svchost            3788   8   3  203   2504     0:00:00.171     0:39:26.452
dasHost            3804   8   2  116   1160     0:00:00.000     0:39:26.447
spoolsv            3848   8   7  438   5636     0:00:00.281     0:39:26.405
svchost            3944   8  16  438  13944     0:00:02.875     0:39:26.373
svchost            3976   8   5  185   2084     0:00:00.421     0:39:26.355
svchost            4216   8   1  110   1212     0:00:00.000     0:39:26.107
AdobeUpdateService  4224   8   3  155   1996     0:00:00.218     0:39:26.106
CAJSHost           4248   8   2  119   1172     0:00:00.031     0:39:26.105
svchost            4260   8   7  298   4852     0:00:01.296     0:39:26.104
svchost            4276   8  12  553  18088     0:00:03.890     0:39:26.103
AGSService         4288   8   2  227   3280     0:00:00.359     0:39:26.102
DCHUService        4308   8   5  398  14744     0:00:00.515     0:39:26.101
svchost            4316   8  16  390  21076     0:00:11.265     0:39:26.101
svchost            4376   8  10  445  11824     0:00:03.187     0:39:26.099
OneApp.IGCC.WinService  4392   8   7  540  44084     0:00:01.515     0:39:26.097
AGMService         4416   8   3  223   3472     0:00:00.156     0:39:26.095
EvtEng             4424   8  17  352   5092     0:00:00.375     0:39:26.094
lkads              4444   8  11  287   4480     0:00:00.312     0:39:26.093
nisvcloc           4452   8   2  142   1340     0:00:00.062     0:39:26.092
HKClipSvc          4464   8   3   72   1012     0:00:00.015     0:39:26.090
nvcontainer        4492   8  35  706  12368     0:00:04.937     0:39:26.087
OfficeClickToRun   4500   8  15  613  32992     0:00:02.187     0:39:26.086
QQProtect          4568   8  14  443  15132     0:00:01.406     0:39:26.076
svchost            4576   8   1  133   1580     0:00:00.015     0:39:26.074
RegSrvc            4592   8   2  190   2028     0:00:00.093     0:39:26.073
LMS                4600   8   3  218   2980     0:00:00.078     0:39:26.073
RtkAudUService64   4656   8   8  314   3636     0:00:00.312     0:39:26.067
QQGameService      4648   8   2  149   1284     0:00:00.015     0:39:26.068
SangforPromoteService  4664   8  13  441   5340     0:00:17.359     0:39:26.066
SangforPWEx        4672   8   6  219   3524     0:00:00.328     0:39:26.066
OriginWebHelperService  4684   4  14  387   7716     0:00:03.437     0:39:26.064
svchost            4712   8   3  149   1316     0:00:00.015     0:39:26.061
sqlwriter          4720   8   2  146   1996     0:00:00.125     0:39:26.060
SecoClientPromoteService  4728   8   5  123  34812     0:00:01.250     0:39:26.059
Creative.UWPRPCService  4744   8   2  134   1156     0:00:00.031     0:39:26.052
svchost            4768   8   6  216   2592     0:00:00.312     0:39:26.045
vmnetdhcp          4780   8   2   90   7832     0:00:00.046     0:39:26.043
splunkd            4816   8  87  476 262232     0:02:28.906     0:39:26.036
vmnat              4824   8   4  136   2124     0:00:00.171     0:39:26.028
svchost            4832   8  24  411   8960     0:00:01.140     0:39:26.028
svchost            4852   8   6  335   3700     0:00:00.343     0:39:26.022
MsMpEng            4864   8  58 1100 297200     0:13:06.593     0:39:26.021
svchost            4872   8   6  367   2980     0:00:00.421     0:39:26.016
vmware-authd       4884   8   4  224   6568     0:00:00.359     0:39:26.014
vmware-usbarbitrator64  4892   8   3  228   2984     0:00:00.171     0:39:26.010
ZeroConfigService  4900   8  10  343   4576     0:00:00.296     0:39:26.006
sqlceip            5144   6  11  656  35428     0:00:01.812     0:39:25.823
svchost            5336   8  11  383   3464     0:00:00.156     0:39:25.668
svchost            5592   8   4  106   1376     0:00:00.140     0:39:25.430
jhi_service        5828   8   2  146   1492     0:00:00.015     0:39:25.078
svchost            5968   8   7  253   2216     0:00:00.218     0:39:24.666
SystemWebServer    6244   8   8  315   6664     0:00:00.765     0:39:24.203
nimdnsResponder    6252   8   5  313   3212     0:00:01.125     0:39:24.203
lktsrv             6316   8  16  298   5116     0:00:00.359     0:39:24.115
lkcitdl            6324   8  14  284   5224     0:00:00.312     0:39:24.114
nidmsrv            6332   8  14  284   4704     0:00:00.187     0:39:24.112
svchost            6868   8   7  217   2488     0:00:00.062     0:39:23.697
svchost            7260   8   2  182   2072     0:00:00.171     0:39:23.288
conhost            7384   8   4  159   6684     0:00:00.921     0:39:23.201
rundll32           7592   8   2  136   1568     0:00:00.125     0:39:22.846
ApplicationWebServer  6696   8   9  356   8296     0:00:00.703     0:39:22.353
unsecapp           7464   8   2  120   1508     0:00:00.031     0:39:21.952
WmiPrvSE           8188   8   5  246   3600     0:00:00.125     0:39:21.949
NisSrv             9000   8  12  219   5232     0:00:02.015     0:39:18.622
nvcontainer        7452   8  16  368   8688     0:00:02.156     0:39:16.891
SangforUDProtectEx   604   8   3  185   2544     0:00:00.328     0:39:16.853
sihost             8644   8   9  600   6520     0:00:03.281     0:39:16.821
nvcontainer        7492   8  24  453  36028     0:00:06.812     0:39:16.820
svchost            4544   8   1  156   1700     0:00:00.234     0:39:16.695
svchost             692   8  14  469  12068     0:00:32.250     0:39:16.695
PresentationFontCache  4588   8   4  245  25832     0:00:00.296     0:39:16.680
svchost             552   8   4  536   9432     0:00:03.046     0:39:16.645
taskhostw          4284   8   9  311   9440     0:00:01.156     0:39:16.579
MicrosoftEdgeUpdate  4344   4   3  212   1996     0:00:00.140     0:39:16.569
svchost            4756   8   2  258   3324     0:00:02.984     0:39:16.518
svchost            9296   8   3  166   1776     0:00:00.046     0:39:16.445
ctfmon             9356  13  14  855  15056     0:00:11.687     0:39:16.378
svchost            9648   8   7  387   5364     0:00:00.890     0:39:15.816
ChsIME             9800   8   2  137   1548     0:00:00.093     0:39:15.285
igfxEM             9832   8   3  293   3832     0:00:01.328     0:39:15.204
svchost            9700   8   7  303   3808     0:00:00.500     0:39:13.224
svchost            9996   8   8  386   3652     0:00:00.718     0:39:12.826
svchost            8884   8   7  369   4780     0:00:00.953     0:39:12.577
SearchIndexer      9072   8  15  865  39920     0:00:20.625     0:39:12.203
ECAgent            9456   8  12  462   6932     0:00:05.578     0:39:12.164
RuntimeBroker     10504   8   3  346   7012     0:00:05.109     0:39:11.794
nvsphelper64      10772   8   5  237   3548     0:00:04.078     0:39:11.278
NVIDIA Share      10784   8  30  756  32396     0:00:09.640     0:39:11.260
RuntimeBroker     11244   8  11  500   8000     0:00:05.671     0:39:10.666
svchost           11620   8   2  122   1516     0:00:00.046     0:39:10.002
svchost           11688   8  10  281   5280     0:00:00.187     0:39:09.919
SettingSyncHost   11976   6   4  536   7288     0:00:05.859     0:39:09.428
svchost           12044   8   3  276   3616     0:00:00.375     0:39:09.266
YourPhone          7536   8  11  461  24016     0:00:01.218     0:39:08.921
RuntimeBroker      3272   8   4  367   9628     0:00:12.468     0:39:08.404
NVIDIA Share       8292   8  11  500  33264     0:00:00.390     0:39:07.693
NVIDIA Web Helper 12412   8  92  642  37604     0:00:03.125     0:39:07.162
conhost           12432   8   2  105   6360     0:00:00.093     0:39:07.148
NVIDIA Share      13284   8  16  343  48472     0:00:02.062     0:39:01.316
SecurityHealthSystray 10748   8   1  165   1908     0:00:00.140     0:38:59.308
SecurityHealthService 12588   8   7  373   3868     0:00:01.171     0:38:59.179
RtkAudUService64   3264   8   7  327   3808     0:00:00.500     0:38:58.837
yundetectservice  13644   8  12  331   5660     0:00:00.125     0:38:56.190
dllhost           13652   8   5  217   3564     0:00:00.187     0:38:56.185
svchost           14324   8   3  224   2688     0:00:00.781     0:38:53.440
FnKey             13356   8   9  415  41016     0:00:01.906     0:38:53.388
nierserver        13752   8   2  185   4832     0:00:00.234     0:38:50.713
jusched            4704   8   1  274   2284     0:00:00.234     0:38:49.310
python3           14252   8  56  419  48276     0:00:02.265     0:38:33.792
explorer          14272   8  90 3639 151416     0:02:04.703     0:38:29.078
StartMenuExperienceHost   800   8   8  610  38452     0:00:05.312     0:38:26.783
TextInputHost      7588   8  18  784  18592     0:00:06.421     0:38:26.757
SearchApp         10716   8  38 1148  95556     0:00:06.578     0:38:26.379
QQGameServiceHelper 11216   8   6  394   3648     0:00:00.187     0:38:23.529
splunkd            3864   8  13  305  31680     0:00:07.703     0:38:20.995
pycharm64         10268   8  45 1167 941148     0:02:56.750     0:38:19.174
fsnotifier64      13452   8   3   48    596     0:00:17.140     0:38:04.372
conhost            5052   8   2  105   6336     0:00:00.046     0:38:04.318
msedge             8420   8  34 1999  76572     0:01:48.812     0:37:55.542
msedge             7996   8   8  223   2000     0:00:00.093     0:37:55.275
msedge             5408  10  16  861 229304     0:01:53.921     0:37:54.789
msedge             9908   8  16  366  18304     0:00:14.406     0:37:54.779
msedge             8624   8   8  228   7904     0:00:00.125     0:37:54.533
msedge             2636   4  17  255  16128     0:00:00.625     0:37:54.326
msedge             1344   4  17  311  42200     0:01:16.359     0:37:53.522
msedge             4956   8   9  231  73148     0:00:19.906     0:37:52.531
svchost            1860   8  14  396  10140     0:00:00.484     0:37:20.982
svchost            4932   8  11  333   4304     0:00:01.578     0:37:20.815
svchost           12808   8   3  218   2876     0:00:01.390     0:37:20.110
IAStorDataMgrSvc   5252   8   8  445  55356     0:00:03.875     0:37:19.866
SgrmBroker         3600   8   8  105   5044     0:00:00.687     0:37:19.088
svchost           14344   8  11  399   5884     0:00:00.500     0:37:18.386
svchost           14416   8   8  219   2568     0:00:00.140     0:37:17.707
svchost           14488   8   4  572   6524     0:00:01.359     0:37:17.239
msedge             2864   8  10  277   8084     0:00:00.234     0:36:54.442
cmd               13908   8   3  127   5136     0:00:00.171     0:36:44.449
conhost            3724   8   5  190   8896     0:00:15.421     0:36:44.438
jucheck           12848   8   3  389   3752     0:00:00.640     0:33:45.359
ShellExperienceHost  9096   8   9  571  14112     0:00:00.359     0:33:38.476
RuntimeBroker       916   8   2  205   2664     0:00:00.093     0:33:38.309
notepad++          6844   8   2  278  15936     0:00:22.375     0:29:07.829
UserOOBEBroker     1172   8   1  127   1920     0:00:00.015     0:28:25.655
chrome            11716   8  25 1430  94896     0:00:24.140     0:28:11.395
chrome             1176   8   7  194   2060     0:00:00.046     0:28:11.312
chrome            11824  10  14  583  79696     0:00:05.187     0:28:11.029
chrome            13176   8  12  300  11980     0:00:00.906     0:28:11.017
chrome            12136   8   8  212   8448     0:00:00.375     0:28:10.950
chrome            14996   4  17  248  21000     0:00:01.125     0:28:10.777
chrome            11856   8  18  258  18260     0:00:00.421     0:28:10.661
chrome             3608   8  17  243  15404     0:00:00.078     0:28:10.633
chrome             8204   8  17  243  19916     0:00:00.171     0:28:10.602
chrome             8368   8  17  248  25080     0:00:01.062     0:28:10.566
chrome            14396   4  17  227  17728     0:00:00.109     0:28:08.342
chrome             7292   4  17  288  43724     0:00:01.718     0:28:08.268
chrome             6080   4  17  260  64880     0:00:09.000     0:28:07.835
taskhostw         11812   8   4  330   5512     0:00:00.156     0:24:23.492
ApplicationFrameHost  2620   8   3  382  17516     0:00:00.312     0:23:34.781
Video.UI          12616   8  15  498  18572     0:00:00.593     0:23:34.736
SystemSettings     5292   8  21  764  26012     0:00:01.125     0:23:23.988
msedge             6108   8   9  289   7816     0:00:01.062     0:22:07.222
msedge            14756   4  18  344  40064     0:00:16.468     0:12:22.053
msedge            10108   4  16  293  26672     0:00:03.734     0:12:15.997
msedge             8456   4  18  328  41580     0:00:03.406     0:11:33.820
python3           11240   8   4  250  45208     0:00:02.109     0:07:55.831
msedge             1572   4  17  313  40240     0:00:03.593     0:07:39.962
msedge            14568   4  16  268  16628     0:00:00.265     0:07:15.322
msedge             8116   8  17  337  37300     0:00:02.140     0:07:13.367
msedge             3404   4  16  230  12944     0:00:00.125     0:07:07.566
MoUsoCoreWorker    2764   8  11  439  22924     0:00:02.656     0:03:04.069
svchost            8632   8  13  536  18376     0:00:04.687     0:03:03.884
TrustedInstaller   5216   8   6  154   2284     0:00:00.062     0:02:59.973
wuauclt            9052   8   5  333  19440     0:00:05.687     0:02:13.882
MusNotifyIcon     12324   6   6  337   4396     0:00:00.265     0:02:06.829
VSSVC             12332   8   5  170   2008     0:00:00.078     0:01:58.911
svchost            3088   8   5  142   1856     0:00:00.015     0:01:58.823
TiWorker          13140   8   7  306 235268     0:01:17.781     0:01:57.707
svchost           10012   8   3  122   1608     0:00:00.015     0:01:40.991
SearchProtocolHost  6596   4   7  369   2960     0:00:00.296     0:01:33.848
SearchFilterHost  11464   4   4  172   2176     0:00:00.125     0:01:33.818
SearchProtocolHost 15216   4   5  266   1780     0:00:00.015     0:01:14.030
smartscreen        9316   8  14  417   8156     0:00:00.140     0:00:23.681
pslist            15276  13   3  235   3680     0:00:00.484     0:00:00.305
ECAgent            2124   8   4  129   1656     0:00:00.031     0:00:00.000